SESSION|7839d3df-859b-4faa-acc3-bc74c555fabf|2025-12-02T23:11:01.360213|false|alice,bob|Chat1
SESSION|6b1790d7-cf44-4c80-bab3-125ceb05b3cf|2025-12-02T23:11:01.361317|false|bob,charlie|Chat2
SESSION|12880299-6ec8-43f8-ba96-bd9902d29116|2025-12-02T23:11:01.361859|false|alice,bob|
SESSION|58f0fc0b-ea34-4fa5-8005-ecd73748ff2d|2025-12-02T23:11:01.362727|false|alice,bob|
MESSAGE|26f3479c-d6b7-4463-9964-f0fffbeeead8|58f0fc0b-ea34-4fa5-8005-ecd73748ff2d|bob|2025-12-02T23:11:01.362983|Test
SESSION|726a2da5-3346-4d48-bcf4-f64cda1aead0|2025-12-02T23:11:01.363430|false|alice,bob|
SESSION|0a0d3e28-3ec2-481b-9dc9-a35b19006036|2025-12-02T23:11:01.364094|true|alice,bob,charlie|Test Group
SESSION|26c29808-47a3-4e46-bf4e-030e537dd3ab|2025-12-02T23:11:01.364540|true|alice,bob,charlie|Group
MESSAGE|14ac3d93-de4d-4965-a552-23cc4f81c00e|26c29808-47a3-4e46-bf4e-030e537dd3ab|alice|2025-12-02T23:11:01.364790|Hello group
SESSION|5f064df4-54bc-442b-97c2-719e934c0c0a|2025-12-02T23:11:01.369248|false|alice,bob|
SESSION|2d0bc709-d7aa-45bc-9478-fd8498670b6a|2025-12-02T23:11:01.369794|false|alice,bob|
MESSAGE|d5a8548c-02a0-4d32-8c56-37a66eeb94d6|2d0bc709-d7aa-45bc-9478-fd8498670b6a|alice|2025-12-02T23:11:01.369973|Hello
SESSION|fb394d5b-95e0-4e4d-bcba-81c24e6f8980|2025-12-02T23:11:01.371136|false|alice,bob|
MESSAGE|42b811c0-4e30-47fd-89b8-d246ec1faa83|fb394d5b-95e0-4e4d-bcba-81c24e6f8980|bob|2025-12-02T23:11:01.371867|Test
SESSION|6cdd4d51-0edb-4bef-b9e8-9eaae5323600|2025-12-02T23:11:01.372437|false|alice,bob|Private
SESSION|df8dd2ae-a756-40e7-970f-f2b457a7d064|2025-12-02T23:11:01.373669|false|alice,bob|
SESSION|68999131-6c19-4be5-b143-838892fc1017|2025-12-02T23:11:01.374102|false|alice,bob|
